// Jest Snapshot v1, https://goo.gl/fbAQLP

exports[`Sequence should render 1`] = `
<div>
  <span
    data-testid="sequence-0"
  >
    A
    T
    A
    T
    A
    T
    A
    <span
      style="font-size: 22px; font-weight: 500; border-bottom: 1px solid black; color: rgb(255, 94, 124);"
    >
      G
      G
      G
      G
      G
      G
    </span>
    T
    A
    T
    A
    T
    A
    T
    A
    <span
      style="font-size: 22px; font-weight: 500; border-bottom: 1px solid black; color: rgb(255, 94, 124);"
    >
      G
      G
      G
    </span>
    T
    A
    T
    A
  </span>
</div>
`;
