// Jest Snapshot v1, https://goo.gl/fbAQLP

exports[`Sequence should render 1`] = `
<div>
  <span
    data-testid="sequence-0"
  >
    A
    T
    A
    T
    A
    T
    A
    <span
      class="text-red-600"
      style="font-size: 21px; font-weight: 500; border-bottom: 1px solid black;"
    >
      G
      G
      G
      G
      G
      G
    </span>
    T
    A
    T
    A
    T
    A
    T
    A
    <span
      class="text-red-600"
      style="font-size: 21px; font-weight: 500; border-bottom: 1px solid black;"
    >
      G
      G
      G
    </span>
    T
    A
    T
    A
  </span>
</div>
`;
