// Jest Snapshot v1, https://goo.gl/fbAQLP

exports[`InputForm should render 1`] = `
<div>
  <div
    class="border shadow-sm rounded-xl py-6 px-10"
  >
    <h1
      class="text-3xl"
    >
      Input params
    </h1>
    <div
      class="flex flex-col md:flex-row gap-4 pt-8"
    >
      <div
        class="flex-2"
      >
        <div
          class="flex flex-col gap-2"
        >
          <label
            class="text-md font-medium"
          >
            Sequence
          </label>
          <textarea
            class="p-2 border-2 border-nord5 rounded-md disabled:opacity-50"
            data-testid="sequence-input"
            name="sequence"
            required=""
            rows="10"
          />
          <p
            class="text-sm font-light"
          >
            Sequence length (bp) has to be at least 25bp. But maximum up to 500000bp. Current length: 0
          </p>
        </div>
      </div>
      <div
        class="flex-1"
      >
        <div
          class="flex flex-col gap-2"
        >
          <label
            class="text-md font-medium"
          >
            Threshold
          </label>
          <input
            class="p-2 border-2 border-nord5 rounded-md disabled:opacity-50"
            data-testid="threshold-input"
            type="number"
            value="0"
          />
          <p
            class="text-sm font-light"
          >
            Threshold has to be between 0 and 1. The recommended value is 0.9 (probability of quadruplex existence in given window).
          </p>
          <button
            class="border-2 border-nord14 p-2 text-gray-700 rounded-lg disabled:opacity-50 hover:bg-nord14 hover:text-white"
            data-testid="start-button"
            disabled=""
          >
            START ANALYSIS
          </button>
          <button
            class="border-2 border-nord11 p-2 text-gray-700 rounded-lg hover:bg-nord11 hover:text-white"
            data-testid="reset-button"
            disabled=""
          >
            RESET ANALYSIS
          </button>
        </div>
      </div>
    </div>
  </div>
</div>
`;

exports[`InputForm should show input errors when threshold and sequence hits limits 1`] = `null`;

exports[`InputForm should show input errors when threshold and sequence hits limits 2`] = `null`;
