// Jest Snapshot v1, https://goo.gl/fbAQLP

exports[`InfoCards should render 1`] = `
<div>
  <div
    class="css-e53awj-MuiStack-root"
  >
    <div
      class="MuiPaper-root MuiPaper-elevation MuiPaper-rounded MuiPaper-elevation1 MuiCard-root css-bhp9pd-MuiPaper-root-MuiCard-root"
      style="width: 200px; border-top: 5px solid; border-color: #98ddca;"
    >
      <div
        class="MuiCardContent-root css-46bh2p-MuiCardContent-root"
      >
        <p
          class="MuiTypography-root MuiTypography-body1 MuiTypography-gutterBottom css-16m3jxf-MuiTypography-root"
        >
          Sequence length
        </p>
        <p
          class="MuiTypography-root MuiTypography-body1 css-ll0ml8-MuiTypography-root"
        >
          100
        </p>
      </div>
    </div>
    <div
      class="MuiPaper-root MuiPaper-elevation MuiPaper-rounded MuiPaper-elevation1 MuiCard-root css-bhp9pd-MuiPaper-root-MuiCard-root"
      style="width: 200px; border-top: 5px solid; border-color: #98dd99;"
    >
      <div
        class="MuiCardContent-root css-46bh2p-MuiCardContent-root"
      >
        <p
          class="MuiTypography-root MuiTypography-body1 MuiTypography-gutterBottom css-16m3jxf-MuiTypography-root"
        >
          Threshold
        </p>
        <p
          class="MuiTypography-root MuiTypography-body1 css-ll0ml8-MuiTypography-root"
        >
          0.5
        </p>
      </div>
    </div>
    <div
      class="MuiPaper-root MuiPaper-elevation MuiPaper-rounded MuiPaper-elevation1 MuiCard-root css-bhp9pd-MuiPaper-root-MuiCard-root"
      style="width: 200px; border-top: 5px solid; border-color: #d5ecc2;"
    >
      <div
        class="MuiCardContent-root css-46bh2p-MuiCardContent-root"
      >
        <p
          class="MuiTypography-root MuiTypography-body1 MuiTypography-gutterBottom css-16m3jxf-MuiTypography-root"
        >
          Frequency per thousand
        </p>
        <p
          class="MuiTypography-root MuiTypography-body1 css-ll0ml8-MuiTypography-root"
        >
          10
        </p>
      </div>
    </div>
    <div
      class="MuiPaper-root MuiPaper-elevation MuiPaper-rounded MuiPaper-elevation1 MuiCard-root css-bhp9pd-MuiPaper-root-MuiCard-root"
      style="width: 200px; border-top: 5px solid; border-color: #ffd3b4;"
    >
      <div
        class="MuiCardContent-root css-46bh2p-MuiCardContent-root"
      >
        <p
          class="MuiTypography-root MuiTypography-body1 MuiTypography-gutterBottom css-16m3jxf-MuiTypography-root"
        >
          GC count
        </p>
        <p
          class="MuiTypography-root MuiTypography-body1 css-ll0ml8-MuiTypography-root"
        >
          10
        </p>
      </div>
    </div>
    <div
      class="MuiPaper-root MuiPaper-elevation MuiPaper-rounded MuiPaper-elevation1 MuiCard-root css-bhp9pd-MuiPaper-root-MuiCard-root"
      style="width: 200px; border-top: 5px solid; border-color: #ffaaa7;"
    >
      <div
        class="MuiCardContent-root css-46bh2p-MuiCardContent-root"
      >
        <p
          class="MuiTypography-root MuiTypography-body1 MuiTypography-gutterBottom css-16m3jxf-MuiTypography-root"
        >
          Number of quadruplexes
        </p>
        <p
          class="MuiTypography-root MuiTypography-body1 css-ll0ml8-MuiTypography-root"
        >
          5
        </p>
      </div>
    </div>
  </div>
</div>
`;
