// Jest Snapshot v1, https://goo.gl/fbAQLP

exports[`InfoCards should render 1`] = `
<div>
  <div
    class="flex flex-col md:flex-row gap-4"
  >
    <div
      class="flex flex-col justify-between w-full border rounded-lg p-5 shadow-sm border-t-nord7 border-t-4"
    >
      <h1
        class="text-md text-nord2"
      >
        Sequence length
      </h1>
      <h2
        class="text-3xl font-bold text-nord3"
      >
        100
      </h2>
    </div>
    <div
      class="flex flex-col justify-between w-full border rounded-lg p-5 shadow-sm border-t-nord7 border-t-4"
    >
      <h1
        class="text-md text-nord2"
      >
        Threshold
      </h1>
      <h2
        class="text-3xl font-bold text-nord3"
      >
        0.5
      </h2>
    </div>
    <div
      class="flex flex-col justify-between w-full border rounded-lg p-5 shadow-sm border-t-nord7 border-t-4"
    >
      <h1
        class="text-md text-nord2"
      >
        Frequency per thousand
      </h1>
      <h2
        class="text-3xl font-bold text-nord3"
      >
        10
      </h2>
    </div>
    <div
      class="flex flex-col justify-between w-full border rounded-lg p-5 shadow-sm border-t-nord7 border-t-4"
    >
      <h1
        class="text-md text-nord2"
      >
        GC count
      </h1>
      <h2
        class="text-3xl font-bold text-nord3"
      >
        10
      </h2>
    </div>
    <div
      class="flex flex-col justify-between w-full border rounded-lg p-5 shadow-sm border-t-nord7 border-t-4"
    >
      <h1
        class="text-md text-nord2"
      >
        Number of quadruplexes
      </h1>
      <h2
        class="text-3xl font-bold text-nord3"
      >
        5
      </h2>
    </div>
  </div>
</div>
`;
